// Jest Snapshot v1, https://goo.gl/fbAQLP

exports[`Top navigation bar component should render the top navigation bar  component successfully 1`] = `
<Styled(MuiBox)
  display="flex"
  justifyContent="flex-end"
  width={1}
>
  <Styled(MuiBox)
    pr={1}
    style={
      Object {
        "marginTop": "10px",
      }
    }
  >
    <img
      height="24px"
      src="https://res.cloudinary.com/dby88h516/image/upload/v1580893608/email_1_jupvlq.svg"
      width="100%"
    />
  </Styled(MuiBox)>
  <Styled(MuiBox)
    pl={1}
    style={
      Object {
        "marginTop": "10px",
      }
    }
  >
    <img
      height="24px"
      src="https://res.cloudinary.com/dby88h516/image/upload/v1580892708/bell_1_culslv.svg"
      width="100%"
    />
  </Styled(MuiBox)>
</Styled(MuiBox)>
`;
